../Core/Src/main.c:59:9:CRC8_Calc	24	static
../Core/Src/main.c:76:6:Send_Packet	32	static
../Core/Src/main.c:88:6:Send_Board_Diff	24	static
../Core/Src/main.c:100:6:UI_Update_Step	8	static
../Core/Src/main.c:107:6:Send_Full_Board	24	static
../Core/Src/main.c:118:5:main	144	static
../Core/Src/main.c:249:6:SystemClock_Config	104	static
../Core/Src/main.c:268:6:HAL_UART_RxCpltCallback	24	static
../Core/Src/main.c:284:6:HAL_UART_ErrorCallback	16	static
../Core/Src/main.c:292:6:Error_Handler	8	static,ignoring_inline_asm
