../Core/Src/main.c:63:9:CRC8_Calc	24	static
../Core/Src/main.c:81:6:Send_Packet	32	static
../Core/Src/main.c:95:6:Send_Board_Diff	24	static
../Core/Src/main.c:108:6:UI_Update_Step	8	static
../Core/Src/main.c:118:6:Send_Full_Board	24	static
../Core/Src/main.c:133:5:main	40	static
../Core/Src/main.c:244:6:SystemClock_Config	104	static
../Core/Src/main.c:266:6:HAL_UART_RxCpltCallback	24	static
../Core/Src/main.c:283:6:HAL_UART_ErrorCallback	16	static
../Core/Src/main.c:292:6:Error_Handler	8	static,ignoring_inline_asm
